// Jest Snapshot v1, https://goo.gl/fbAQLP

exports[`should render ExpenseList with empty message 1`] = `
<div>
  <p>
    No Expenses
  </p>
</div>
`;

exports[`should render ExpenseList with expenses 1`] = `
<div>
  <ExpenseListItem
    amount={100}
    createdAt={0}
    description="gum"
    id="1"
    key="1"
    note=""
  />
  <ExpenseListItem
    amount={800}
    createdAt={-345600000}
    description="soda"
    id="2"
    key="2"
    note=""
  />
  <ExpenseListItem
    amount={500}
    createdAt={345600000}
    description="doritos"
    id="3"
    key="3"
    note=""
  />
</div>
`;
