// Jest Snapshot v1, https://goo.gl/fbAQLP

exports[`should render expense list item correctly 1`] = `
<div>
  <Link
    to="/edit/2"
  >
    <h3>
      soda
    </h3>
  </Link>
  <p>
    amount: 
    800
     | created at: 
    -345600000
  </p>
</div>
`;
